0,2026-05-31T17:13:02.744480
10485760,2026-05-31T17:13:02.746352
11614924,2026-05-31T17:13:02.746487
11642316,2026-05-31T17:13:03.761230
22128076,2026-05-31T17:13:03.776356
32613836,2026-05-31T17:13:03.786640
40536030,2026-05-31T17:13:03.787463
40817914,2026-05-31T17:13:03.787715
40832610,2026-05-31T17:13:03.787847
40835086,2026-05-31T17:13:03.788000
40839656,2026-05-31T17:13:03.788198
40847190,2026-05-31T17:13:03.788398
40852204,2026-05-31T17:13:03.788511
40856212,2026-05-31T17:13:04.803752
51341972,2026-05-31T17:13:04.814943
61827732,2026-05-31T17:13:04.820844
68375401,2026-05-31T17:13:04.821288
68514256,2026-05-31T17:13:04.821523
68541072,2026-05-31T17:13:04.821688
68546795,2026-05-31T17:13:04.821838
68552736,2026-05-31T17:13:04.821969
68562807,2026-05-31T17:13:04.822090
68566321,2026-05-31T17:13:04.822234
68572956,2026-05-31T17:13:04.822424
68577997,2026-05-31T17:13:04.822689
68587021,2026-05-31T17:13:04.822894
68593521,2026-05-31T17:13:04.823087
68601276,2026-05-31T17:13:04.823177
68602424,2026-05-31T17:13:05.835519
79088184,2026-05-31T17:13:05.848400
89573944,2026-05-31T17:13:05.855859
97209568,2026-05-31T17:13:05.856105
97375635,2026-05-31T17:13:05.856278
97383340,2026-05-31T17:13:06.869233
107869100,2026-05-31T17:13:06.881744
118354860,2026-05-31T17:13:06.893813
125821405,2026-05-31T17:13:06.894138
126079142,2026-05-31T17:13:06.894220
126085474,2026-05-31T17:13:06.894293
126091300,2026-05-31T17:13:07.907383
136577060,2026-05-31T17:13:07.918839
147062820,2026-05-31T17:13:07.928295
153936497,2026-05-31T17:13:07.928925
154135587,2026-05-31T17:13:07.929115
154148386,2026-05-31T17:13:07.929266
154156876,2026-05-31T17:13:07.929414
154162114,2026-05-31T17:13:07.929585
154171196,2026-05-31T17:13:08.945699
164656956,2026-05-31T17:13:08.962081
175142716,2026-05-31T17:13:08.967199
181815118,2026-05-31T17:13:08.967399
181886556,2026-05-31T17:13:08.967478
181889840,2026-05-31T17:13:09.981473
192375600,2026-05-31T17:13:09.993847
202861360,2026-05-31T17:13:10.001071
209061927,2026-05-31T17:13:10.001389
209260457,2026-05-31T17:13:10.001525
209281165,2026-05-31T17:13:10.001629
209283908,2026-05-31T17:13:11.018932
219769668,2026-05-31T17:13:11.029854
230255428,2026-05-31T17:13:11.036206
236253468,2026-05-31T17:13:11.036426
236359478,2026-05-31T17:13:11.036640
236361503,2026-05-31T17:13:11.036865
236365411,2026-05-31T17:13:11.037106
236373995,2026-05-31T17:13:11.037336
236382246,2026-05-31T17:13:11.037754
236384425,2026-05-31T17:13:12.050445
246870185,2026-05-31T17:13:12.064084
257355945,2026-05-31T17:13:12.071772
262588911,2026-05-31T17:13:12.072233
262701363,2026-05-31T17:13:12.072444
262721226,2026-05-31T17:13:12.072607
262726754,2026-05-31T17:13:12.072745
262731577,2026-05-31T17:13:12.072893
262736274,2026-05-31T17:13:12.073038
262740848,2026-05-31T17:13:12.073240
262745319,2026-05-31T17:13:12.073408
262753193,2026-05-31T17:13:13.085773
273238953,2026-05-31T17:13:13.100149
283724713,2026-05-31T17:13:13.106514
288703217,2026-05-31T17:13:13.106754
288824783,2026-05-31T17:13:13.106837
288828311,2026-05-31T17:13:14.129887
299314071,2026-05-31T17:13:14.142627
309799831,2026-05-31T17:13:14.148566
314509826,2026-05-31T17:13:14.148740
314599050,2026-05-31T17:13:15.163628
325084810,2026-05-31T17:13:15.174996
335570570,2026-05-31T17:13:15.179750
340067813,2026-05-31T17:13:15.180028
340166465,2026-05-31T17:13:15.180256
340168345,2026-05-31T17:13:15.180495
340181940,2026-05-31T17:13:15.180690
340188371,2026-05-31T17:13:15.181485
340204644,2026-05-31T17:13:15.181733
340221033,2026-05-31T17:13:16.194592
350706793,2026-05-31T17:13:16.207655
361192553,2026-05-31T17:13:16.212617
365507788,2026-05-31T17:13:16.213054
365617111,2026-05-31T17:13:16.213292
365631455,2026-05-31T17:13:16.213521
365638743,2026-05-31T17:13:16.213707
365647304,2026-05-31T17:13:16.213817
365657539,2026-05-31T17:13:16.213897
365659446,2026-05-31T17:13:16.213973
365660153,2026-05-31T17:13:16.214150
365664558,2026-05-31T17:13:16.214244
365674687,2026-05-31T17:13:16.214305
365675292,2026-05-31T17:13:17.227019
376161052,2026-05-31T17:13:17.242171
386646812,2026-05-31T17:13:17.245982
390593517,2026-05-31T17:13:17.246173
390687188,2026-05-31T17:13:17.246311
390689466,2026-05-31T17:13:17.246550
390694507,2026-05-31T17:13:18.259139
401180267,2026-05-31T17:13:18.274225
411666027,2026-05-31T17:13:18.279801
416413080,2026-05-31T17:13:18.280237
416523038,2026-05-31T17:13:18.280492
416527419,2026-05-31T17:13:18.280704
416529107,2026-05-31T17:13:18.281070
416543662,2026-05-31T17:13:18.281266
416554279,2026-05-31T17:13:18.281441
416558549,2026-05-31T17:13:18.281636
416567300,2026-05-31T17:13:18.281811
416567958,2026-05-31T17:13:18.282186
416579002,2026-05-31T17:13:18.282385
416584405,2026-05-31T17:13:18.282563
416587317,2026-05-31T17:13:19.297717
427073077,2026-05-31T17:13:19.307361
437558837,2026-05-31T17:13:19.311551
441368457,2026-05-31T17:13:19.311782
441481347,2026-05-31T17:13:19.311889
441495176,2026-05-31T17:13:20.326087
451980936,2026-05-31T17:13:20.334295
462466696,2026-05-31T17:13:20.335211
463598396,2026-05-31T17:13:21.345996
470248087,2026-05-31T17:13:21.346599
470404746,2026-05-31T17:13:21.346704
470414570,2026-05-31T17:13:21.346773
470419605,2026-05-31T17:13:22.364374
480905365,2026-05-31T17:13:22.375192
491391125,2026-05-31T17:13:22.381650
494026203,2026-05-31T17:13:22.382149
494099776,2026-05-31T17:13:22.382537
494137552,2026-05-31T17:13:23.395962
504623312,2026-05-31T17:13:23.406572
515109072,2026-05-31T17:13:23.409004
517814783,2026-05-31T17:13:23.409219
517883220,2026-05-31T17:13:23.409391
517890190,2026-05-31T17:13:23.409524
517894710,2026-05-31T17:13:23.409659
517896565,2026-05-31T17:13:23.409823
517900939,2026-05-31T17:13:23.409951
517903285,2026-05-31T17:13:23.410079
517905561,2026-05-31T17:13:23.410203
517907321,2026-05-31T17:13:23.410345
517912745,2026-05-31T17:13:23.410474
517913186,2026-05-31T17:13:24.427607
528398946,2026-05-31T17:13:24.441866
538884706,2026-05-31T17:13:24.448276
543282723,2026-05-31T17:13:24.448600
543428924,2026-05-31T17:13:24.448781
543453914,2026-05-31T17:13:24.449055
543459175,2026-05-31T17:13:24.449233
543473934,2026-05-31T17:13:24.449383
543476624,2026-05-31T17:13:25.459766
553962384,2026-05-31T17:13:25.469480
564448144,2026-05-31T17:13:25.474566
569559289,2026-05-31T17:13:25.475143
569663688,2026-05-31T17:13:25.475381
569668453,2026-05-31T17:13:25.475615
569672221,2026-05-31T17:13:25.475909
569680019,2026-05-31T17:13:25.476152
569686817,2026-05-31T17:13:25.476369
569689280,2026-05-31T17:13:25.476603
569693472,2026-05-31T17:13:25.476866
569697536,2026-05-31T17:13:25.477068
569706496,2026-05-31T17:13:25.477257
569706541,2026-05-31T17:13:26.527642
580053213,2026-05-31T17:13:26.528994
580397298,2026-05-31T17:13:26.529414
580406979,2026-05-31T17:13:26.530509
580420042,2026-05-31T17:13:26.531531
580421924,2026-05-31T17:13:26.532220
580437037,2026-05-31T17:13:26.532714
580447114,2026-05-31T17:13:26.533596
580467270,2026-05-31T17:13:27.548617
590953030,2026-05-31T17:13:27.562490
601438790,2026-05-31T17:13:27.563646
602311036,2026-05-31T17:13:27.564082
602353735,2026-05-31T17:13:27.564468
602366819,2026-05-31T17:13:27.565081
602379392,2026-05-31T17:13:27.565245
602381962,2026-05-31T17:13:27.565476
602392098,2026-05-31T17:13:27.565819
602397769,2026-05-31T17:13:27.566041
602410128,2026-05-31T17:13:27.566285
602415948,2026-05-31T17:13:27.566416
602419612,2026-05-31T17:13:27.566540
602422156,2026-05-31T17:13:27.566749
602424716,2026-05-31T17:13:27.566934
602424889,2026-05-31T17:13:28.581112
612910649,2026-05-31T17:13:28.596550
623396409,2026-05-31T17:13:28.599560
626542545,2026-05-31T17:13:28.599834
626602066,2026-05-31T17:13:28.600007
626612998,2026-05-31T17:13:28.600131
626617618,2026-05-31T17:13:28.600323
626620257,2026-05-31T17:13:28.600762
626627009,2026-05-31T17:13:28.601130
626641923,2026-05-31T17:13:28.601415
626646987,2026-05-31T17:13:28.601680
626657674,2026-05-31T17:13:28.601933
626670399,2026-05-31T17:13:28.604607
626671690,2026-05-31T17:13:28.605158
626739754,2026-05-31T17:13:28.605416
626752229,2026-05-31T17:13:28.605629
626758934,2026-05-31T17:13:28.605903
626764043,2026-05-31T17:13:28.606175
626765458,2026-05-31T17:13:28.606594
626774450,2026-05-31T17:13:28.606750
626778387,2026-05-31T17:13:28.606952
626782012,2026-05-31T17:13:28.607188
626787070,2026-05-31T17:13:28.607393
626793741,2026-05-31T17:13:28.607682
626801766,2026-05-31T17:13:28.607900
626802763,2026-05-31T17:13:28.608087
626809863,2026-05-31T17:13:28.608314
626828271,2026-05-31T17:13:28.608446
626829682,2026-05-31T17:13:28.608562
626832862,2026-05-31T17:13:28.608694
626833591,2026-05-31T17:13:28.608802
626835402,2026-05-31T17:13:28.608929
626838849,2026-05-31T17:13:29.624208
637324609,2026-05-31T17:13:29.638789
647810369,2026-05-31T17:13:29.641468
651008979,2026-05-31T17:13:29.641662
651083858,2026-05-31T17:13:29.641798
651093474,2026-05-31T17:13:29.641918
651098509,2026-05-31T17:13:29.642030
651105074,2026-05-31T17:13:29.642380
651123549,2026-05-31T17:13:29.642514
651125554,2026-05-31T17:13:29.642628
651130328,2026-05-31T17:13:29.642754
651136127,2026-05-31T17:13:29.642903
651141825,2026-05-31T17:13:29.643034
651143739,2026-05-31T17:13:29.643203
651150371,2026-05-31T17:13:30.658508
661636131,2026-05-31T17:13:30.674518
672121891,2026-05-31T17:13:30.678638
675111607,2026-05-31T17:13:30.679262
675234648,2026-05-31T17:13:30.679856
675253835,2026-05-31T17:13:30.679977
675253880,2026-05-31T17:13:30.680125
675258851,2026-05-31T17:13:31.694216
685744611,2026-05-31T17:13:31.715173
696230371,2026-05-31T17:13:31.722428
699271954,2026-05-31T17:13:31.722700
699403438,2026-05-31T17:13:32.736429
709889198,2026-05-31T17:13:32.747051
718264756,2026-05-31T17:13:32.747942
718478503,2026-05-31T17:13:32.748313
718509633,2026-05-31T17:13:32.748647
718518633,2026-05-31T17:13:32.748894
718527073,2026-05-31T17:13:32.749122
718537427,2026-05-31T17:13:32.749300
718539449,2026-05-31T17:13:33.762501
729025209,2026-05-31T17:13:33.775524
739510969,2026-05-31T17:13:33.777986
742191776,2026-05-31T17:13:33.778211
742233113,2026-05-31T17:13:33.778437
742236411,2026-05-31T17:13:33.778574
742238758,2026-05-31T17:13:33.778753
742240900,2026-05-31T17:13:33.778844
742244232,2026-05-31T17:13:34.794327
752729992,2026-05-31T17:13:34.810222
763215752,2026-05-31T17:13:34.811773
764531380,2026-05-31T17:13:34.812072
764557666,2026-05-31T17:13:34.812407
764566547,2026-05-31T17:13:34.812636
764575275,2026-05-31T17:13:34.812792
764586388,2026-05-31T17:13:35.831449
775072148,2026-05-31T17:13:35.846267
785557908,2026-05-31T17:13:35.851838
788653986,2026-05-31T17:13:35.852333
788763824,2026-05-31T17:13:35.852619
788775447,2026-05-31T17:13:35.852855
788778671,2026-05-31T17:13:35.853086
788790839,2026-05-31T17:13:35.853336
788797809,2026-05-31T17:13:35.853608
788806097,2026-05-31T17:13:36.869505
799291857,2026-05-31T17:13:36.884562
809777617,2026-05-31T17:13:36.887760
812233083,2026-05-31T17:13:36.888307
812272922,2026-05-31T17:13:36.888723
812286158,2026-05-31T17:13:36.889017
812294795,2026-05-31T17:13:36.889265
812301395,2026-05-31T17:13:36.889597
812311280,2026-05-31T17:13:36.889863
812320715,2026-05-31T17:13:36.890043
812322519,2026-05-31T17:13:36.890299
812329836,2026-05-31T17:13:36.890459
812335130,2026-05-31T17:13:37.910468
822820890,2026-05-31T17:13:37.924596
833306650,2026-05-31T17:13:37.927161
835407627,2026-05-31T17:13:37.927564
835458948,2026-05-31T17:13:37.927850
835464590,2026-05-31T17:13:37.927981
835465540,2026-05-31T17:13:37.928105
835467222,2026-05-31T17:13:38.946874
845952982,2026-05-31T17:13:38.961505
856438742,2026-05-31T17:13:38.965323
858741639,2026-05-31T17:13:38.965771
858821621,2026-05-31T17:13:38.966056
858825727,2026-05-31T17:13:38.966290
858829511,2026-05-31T17:13:38.966521
858838925,2026-05-31T17:13:38.966676
858852483,2026-05-31T17:13:38.968364
858858011,2026-05-31T17:13:38.968874
858899541,2026-05-31T17:13:38.969282
858919958,2026-05-31T17:13:38.969587
858932442,2026-05-31T17:13:38.969704
858943179,2026-05-31T17:13:39.986766
869428939,2026-05-31T17:13:40.001334
879914699,2026-05-31T17:13:40.004197
882421360,2026-05-31T17:13:40.004426
882484614,2026-05-31T17:13:40.004618
882491017,2026-05-31T17:13:40.004848
882493707,2026-05-31T17:13:40.005085
882501530,2026-05-31T17:13:40.005213
882505320,2026-05-31T17:13:40.005372
882510160,2026-05-31T17:13:40.005631
882514516,2026-05-31T17:13:40.006008
882525307,2026-05-31T17:13:40.006217
882529433,2026-05-31T17:13:40.007332
882536813,2026-05-31T17:13:40.007533
882565304,2026-05-31T17:13:40.007636
882566986,2026-05-31T17:13:41.031726
893052746,2026-05-31T17:13:41.057050
903538506,2026-05-31T17:13:41.062354
905628774,2026-05-31T17:13:41.063455
905728226,2026-05-31T17:13:41.063788
905751479,2026-05-31T17:13:41.064709
905771103,2026-05-31T17:13:41.065154
905776411,2026-05-31T17:13:41.065534
905788787,2026-05-31T17:13:41.065843
905793948,2026-05-31T17:13:41.066101
905799595,2026-05-31T17:13:41.066450
905804191,2026-05-31T17:13:41.066704
905814387,2026-05-31T17:13:41.066886
905816812,2026-05-31T17:13:41.067028
905821968,2026-05-31T17:13:41.067189
905823949,2026-05-31T17:13:41.067311
905826100,2026-05-31T17:13:41.067388
905828715,2026-05-31T17:13:42.084874
916314475,2026-05-31T17:13:42.097762
926800235,2026-05-31T17:13:42.101060
928811381,2026-05-31T17:13:42.101303
928839799,2026-05-31T17:13:42.101702
928862966,2026-05-31T17:13:43.123055
939348726,2026-05-31T17:13:43.139665
949834486,2026-05-31T17:13:43.141914
951290010,2026-05-31T17:13:43.142263
951311511,2026-05-31T17:13:43.142403
951324047,2026-05-31T17:13:43.142849
951330751,2026-05-31T17:13:43.143118
951338427,2026-05-31T17:13:43.143459
951346420,2026-05-31T17:13:43.144035
951351510,2026-05-31T17:13:43.144552
951373606,2026-05-31T17:13:43.144909
951390556,2026-05-31T17:13:43.145259
951393879,2026-05-31T17:13:43.145506
951398546,2026-05-31T17:13:43.145828
951402525,2026-05-31T17:13:43.146315
951411086,2026-05-31T17:13:43.146571
951414897,2026-05-31T17:13:43.146674
951418126,2026-05-31T17:13:43.147048
951426496,2026-05-31T17:13:43.147664
951431531,2026-05-31T17:13:43.147911
951440233,2026-05-31T17:13:43.148410
951454190,2026-05-31T17:13:43.148591
951456443,2026-05-31T17:13:43.148912
951462508,2026-05-31T17:13:43.149151
951468526,2026-05-31T17:13:43.149687
951478056,2026-05-31T17:13:43.150002
951482803,2026-05-31T17:13:44.167053
961968563,2026-05-31T17:13:44.180806
972454323,2026-05-31T17:13:44.181356
972868860,2026-05-31T17:13:45.197108
983354620,2026-05-31T17:13:45.200416
